이미 줄 세움 a8952c41-6109-4ff8-b1d4-5bfd32465bbe
── 몸이 익기를 기다린다(v3 는 몇 분 걸린다)
  대기… status: creating (19% ~384s)
── 몸 완성. 애니를 건다
walk 걸었다 → character: a8952c41-6109-4ff8-b1d4-5bfd32465bbe animation: walking-6-frames status: already complete (8 directions)  hint: get_character("a8952c41-6109-4ff8-b1d4-5bfd32465bbe")
attack 걸었다 → character: a8952c41-6109-4ff8-b1d4-5bfd32465bbe animation: v3 custom (swings the rusted sword down and forward in a single overhead chop, shield arm braced in front, keeps holding the sword and the shield the whole time,
── 애니가 익기를 기다린다
  대기… status: completed
  대기… status: completed
── 받는다
Traceback (most recent call last):
  File "/Users/lbs/source/personal/necro/tools/pixellab/skel.py", line 195, in <module>
    got = collect(cid)
  File "/Users/lbs/source/personal/necro/tools/pixellab/skel.py", line 144, in collect
    raw = urllib.request.urlopen(req, timeout=300).read()
  File "/Applications/Xcode.app/Contents/Developer/Library/Frameworks/Python3.framework/Versions/3.9/lib/python3.9/urllib/request.py", line 214, in urlopen
    return opener.open(url, data, timeout)
  File "/Applications/Xcode.app/Contents/Developer/Library/Frameworks/Python3.framework/Versions/3.9/lib/python3.9/urllib/request.py", line 523, in open
    response = meth(req, response)
  File "/Applications/Xcode.app/Contents/Developer/Library/Frameworks/Python3.framework/Versions/3.9/lib/python3.9/urllib/request.py", line 632, in http_response
    response = self.parent.error(
  File "/Applications/Xcode.app/Contents/Developer/Library/Frameworks/Python3.framework/Versions/3.9/lib/python3.9/urllib/request.py", line 561, in error
    return self._call_chain(*args)
  File "/Applications/Xcode.app/Contents/Developer/Library/Frameworks/Python3.framework/Versions/3.9/lib/python3.9/urllib/request.py", line 494, in _call_chain
    result = func(*args)
  File "/Applications/Xcode.app/Contents/Developer/Library/Frameworks/Python3.framework/Versions/3.9/lib/python3.9/urllib/request.py", line 641, in http_error_default
    raise HTTPError(req.full_url, code, msg, hdrs, fp)
urllib.error.HTTPError: HTTP Error 423: Locked
